Classic Timing Analyzer report for gray2bin
Wed Mar 16 21:33:24 2011
Quartus II Version 9.1 Build 350 03/24/2010 Service Pack 2 SJ Web Edition


---------------------
; Table of Contents ;
---------------------
  1. Legal Notice
  2. Timing Analyzer Summary
  3. Timing Analyzer Settings
  4. Parallel Compilation
  5. tpd
  6. Timing Analyzer Messages



----------------
; Legal Notice ;
----------------
Copyright (C) 1991-2010 Altera Corporation
Your use of Altera Corporation's design tools, logic functions 
and other software and tools, and its AMPP partner logic 
functions, and any output files from any of the foregoing 
(including device programming or simulation files), and any 
associated documentation or information are expressly subject 
to the terms and conditions of the Altera Program License 
Subscription Agreement, Altera MegaCore Function License 
Agreement, or other applicable license agreement, including, 
without limitation, that your use is for the sole purpose of 
programming logic devices manufactured by Altera and sold by 
Altera or its authorized distributors.  Please refer to the 
applicable agreement for further details.



+-------------------------------------------------------------------------------------------------------------------------+
; Timing Analyzer Summary                                                                                                 ;
+------------------------------+-------+---------------+-------------+------+------+------------+----------+--------------+
; Type                         ; Slack ; Required Time ; Actual Time ; From ; To   ; From Clock ; To Clock ; Failed Paths ;
+------------------------------+-------+---------------+-------------+------+------+------------+----------+--------------+
; Worst-case tpd               ; N/A   ; None          ; 8.044 ns    ; w[0] ; f[6] ; --         ; --       ; 0            ;
; Total number of failed paths ;       ;               ;             ;      ;      ;            ;          ; 0            ;
+------------------------------+-------+---------------+-------------+------+------+------------+----------+--------------+


+-----------------------------------------------------------------------------------------------------------------------------------------------------+
; Timing Analyzer Settings                                                                                                                            ;
+------------------------------------------------------------------------------------------------------+--------------------+------+----+-------------+
; Option                                                                                               ; Setting            ; From ; To ; Entity Name ;
+------------------------------------------------------------------------------------------------------+--------------------+------+----+-------------+
; Device Name                                                                                          ; EP2C20F484C7       ;      ;    ;             ;
; Timing Models                                                                                        ; Final              ;      ;    ;             ;
; Default hold multicycle                                                                              ; Same as Multicycle ;      ;    ;             ;
; Cut paths between unrelated clock domains                                                            ; On                 ;      ;    ;             ;
; Cut off read during write signal paths                                                               ; On                 ;      ;    ;             ;
; Cut off feedback from I/O pins                                                                       ; On                 ;      ;    ;             ;
; Report Combined Fast/Slow Timing                                                                     ; Off                ;      ;    ;             ;
; Ignore Clock Settings                                                                                ; Off                ;      ;    ;             ;
; Analyze latches as synchronous elements                                                              ; On                 ;      ;    ;             ;
; Enable Recovery/Removal analysis                                                                     ; Off                ;      ;    ;             ;
; Enable Clock Latency                                                                                 ; Off                ;      ;    ;             ;
; Use TimeQuest Timing Analyzer                                                                        ; Off                ;      ;    ;             ;
; Minimum Core Junction Temperature                                                                    ; 0                  ;      ;    ;             ;
; Maximum Core Junction Temperature                                                                    ; 85                 ;      ;    ;             ;
; Number of source nodes to report per destination node                                                ; 10                 ;      ;    ;             ;
; Number of destination nodes to report                                                                ; 10                 ;      ;    ;             ;
; Number of paths to report                                                                            ; 200                ;      ;    ;             ;
; Report Minimum Timing Checks                                                                         ; Off                ;      ;    ;             ;
; Use Fast Timing Models                                                                               ; Off                ;      ;    ;             ;
; Report IO Paths Separately                                                                           ; Off                ;      ;    ;             ;
; Perform Multicorner Analysis                                                                         ; On                 ;      ;    ;             ;
; Reports the worst-case path for each clock domain and analysis                                       ; Off                ;      ;    ;             ;
; Reports worst-case timing paths for each clock domain and analysis                                   ; On                 ;      ;    ;             ;
; Specifies the maximum number of worst-case timing paths to report for each clock domain and analysis ; 100                ;      ;    ;             ;
; Removes common clock path pessimism (CCPP) during slack computation                                  ; Off                ;      ;    ;             ;
; Output I/O Timing Endpoint                                                                           ; Near End           ;      ;    ;             ;
+------------------------------------------------------------------------------------------------------+--------------------+------+----+-------------+


Parallel compilation was disabled, but you have multiple processors available. Enable parallel compilation to reduce compilation time.
+-------------------------------------+
; Parallel Compilation                ;
+----------------------------+--------+
; Processors                 ; Number ;
+----------------------------+--------+
; Number detected on machine ; 2      ;
; Maximum allowed            ; 1      ;
+----------------------------+--------+


+-----------------------------------------------------------+
; tpd                                                       ;
+-------+-------------------+-----------------+------+------+
; Slack ; Required P2P Time ; Actual P2P Time ; From ; To   ;
+-------+-------------------+-----------------+------+------+
; N/A   ; None              ; 8.044 ns        ; w[0] ; f[6] ;
; N/A   ; None              ; 8.032 ns        ; w[0] ; f[4] ;
; N/A   ; None              ; 8.032 ns        ; w[0] ; f[5] ;
; N/A   ; None              ; 8.015 ns        ; w[0] ; f[3] ;
; N/A   ; None              ; 7.814 ns        ; w[3] ; f[5] ;
; N/A   ; None              ; 7.810 ns        ; w[3] ; f[6] ;
; N/A   ; None              ; 7.781 ns        ; w[3] ; f[3] ;
; N/A   ; None              ; 7.774 ns        ; w[3] ; f[4] ;
; N/A   ; None              ; 7.677 ns        ; w[0] ; f[1] ;
; N/A   ; None              ; 7.674 ns        ; w[0] ; f[2] ;
; N/A   ; None              ; 7.664 ns        ; w[0] ; f[0] ;
; N/A   ; None              ; 7.613 ns        ; w[2] ; f[6] ;
; N/A   ; None              ; 7.609 ns        ; w[2] ; f[5] ;
; N/A   ; None              ; 7.606 ns        ; w[2] ; f[4] ;
; N/A   ; None              ; 7.587 ns        ; w[2] ; f[3] ;
; N/A   ; None              ; 7.462 ns        ; w[1] ; f[6] ;
; N/A   ; None              ; 7.456 ns        ; w[3] ; f[2] ;
; N/A   ; None              ; 7.455 ns        ; w[1] ; f[4] ;
; N/A   ; None              ; 7.453 ns        ; w[1] ; f[5] ;
; N/A   ; None              ; 7.448 ns        ; w[3] ; f[1] ;
; N/A   ; None              ; 7.438 ns        ; w[1] ; f[3] ;
; N/A   ; None              ; 7.432 ns        ; w[3] ; f[0] ;
; N/A   ; None              ; 7.251 ns        ; w[2] ; f[1] ;
; N/A   ; None              ; 7.249 ns        ; w[2] ; f[2] ;
; N/A   ; None              ; 7.235 ns        ; w[2] ; f[0] ;
; N/A   ; None              ; 7.102 ns        ; w[1] ; f[1] ;
; N/A   ; None              ; 7.092 ns        ; w[1] ; f[2] ;
; N/A   ; None              ; 7.086 ns        ; w[1] ; f[0] ;
+-------+-------------------+-----------------+------+------+


+--------------------------+
; Timing Analyzer Messages ;
+--------------------------+
Info: *******************************************************************
Info: Running Quartus II Classic Timing Analyzer
    Info: Version 9.1 Build 350 03/24/2010 Service Pack 2 SJ Web Edition
    Info: Processing started: Wed Mar 16 21:33:23 2011
Info: Command: quartus_tan --read_settings_files=off --write_settings_files=off gray2bin -c gray2bin --timing_analysis_only
Info: Longest tpd from source pin "w[0]" to destination pin "f[6]" is 8.044 ns
    Info: 1: + IC(0.000 ns) + CELL(1.026 ns) = 1.026 ns; Loc. = PIN_L22; Fanout = 7; PIN Node = 'w[0]'
    Info: 2: + IC(2.501 ns) + CELL(0.545 ns) = 4.072 ns; Loc. = LCCOMB_X3_Y18_N16; Fanout = 1; COMB Node = 'conv_7seg:Conversor27Seg|Mux6~0'
    Info: 3: + IC(1.122 ns) + CELL(2.850 ns) = 8.044 ns; Loc. = PIN_E2; Fanout = 0; PIN Node = 'f[6]'
    Info: Total cell delay = 4.421 ns ( 54.96 % )
    Info: Total interconnect delay = 3.623 ns ( 45.04 % )
Info: Quartus II Classic Timing Analyzer was successful. 0 errors, 0 warnings
    Info: Peak virtual memory: 158 megabytes
    Info: Processing ended: Wed Mar 16 21:33:25 2011
    Info: Elapsed time: 00:00:02
    Info: Total CPU time (on all processors): 00:00:02


