TimeQuest Timing Analyzer report for ripple_8
Wed Apr 06 22:01:15 2011
Quartus II Version 9.1 Build 350 03/24/2010 Service Pack 2 SJ Web Edition


---------------------
; Table of Contents ;
---------------------
  1. Legal Notice
  2. TimeQuest Timing Analyzer Summary
  3. SDC File List
  4. Clocks
  5. Slow Model Fmax Summary
  6. Slow Model Setup Summary
  7. Slow Model Hold Summary
  8. Slow Model Recovery Summary
  9. Slow Model Removal Summary
 10. Slow Model Minimum Pulse Width Summary
 11. Propagation Delay
 12. Minimum Propagation Delay
 13. Fast Model Setup Summary
 14. Fast Model Hold Summary
 15. Fast Model Recovery Summary
 16. Fast Model Removal Summary
 17. Fast Model Minimum Pulse Width Summary
 18. Propagation Delay
 19. Minimum Propagation Delay
 20. Multicorner Timing Analysis Summary
 21. Progagation Delay
 22. Minimum Progagation Delay
 23. Clock Transfers
 24. Report TCCS
 25. Report RSKM
 26. Unconstrained Paths
 27. TimeQuest Timing Analyzer Messages



----------------
; Legal Notice ;
----------------
Copyright (C) 1991-2010 Altera Corporation
Your use of Altera Corporation's design tools, logic functions 
and other software and tools, and its AMPP partner logic 
functions, and any output files from any of the foregoing 
(including device programming or simulation files), and any 
associated documentation or information are expressly subject 
to the terms and conditions of the Altera Program License 
Subscription Agreement, Altera MegaCore Function License 
Agreement, or other applicable license agreement, including, 
without limitation, that your use is for the sole purpose of 
programming logic devices manufactured by Altera and sold by 
Altera or its authorized distributors.  Please refer to the 
applicable agreement for further details.



+-------------------------------------------------------------------------------------+
; TimeQuest Timing Analyzer Summary                                                   ;
+--------------------+----------------------------------------------------------------+
; Quartus II Version ; Version 9.1 Build 350 03/24/2010 Service Pack 2 SJ Web Edition ;
; Revision Name      ; ripple_8                                                       ;
; Device Family      ; Cyclone II                                                     ;
; Device Name        ; EP2C20F484C7                                                   ;
; Timing Models      ; Final                                                          ;
; Delay Model        ; Combined                                                       ;
; Rise/Fall Delays   ; Unavailable                                                    ;
+--------------------+----------------------------------------------------------------+


+---------------------------------------------------+
; SDC File List                                     ;
+---------------+--------+--------------------------+
; SDC File Path ; Status ; Read at                  ;
+---------------+--------+--------------------------+
; ripple_8.sdc  ; OK     ; Wed Apr 06 22:01:12 2011 ;
+---------------+--------+--------------------------+


----------
; Clocks ;
----------
No clocks to report.


---------------------------
; Slow Model Fmax Summary ;
---------------------------
No paths to report.


----------------------------
; Slow Model Setup Summary ;
----------------------------
No paths to report.


---------------------------
; Slow Model Hold Summary ;
---------------------------
No paths to report.


-------------------------------
; Slow Model Recovery Summary ;
-------------------------------
No paths to report.


------------------------------
; Slow Model Removal Summary ;
------------------------------
No paths to report.


------------------------------------------
; Slow Model Minimum Pulse Width Summary ;
------------------------------------------
No paths to report.


+--------------------------------------------------------------+
; Propagation Delay                                            ;
+------------+-------------+--------+--------+--------+--------+
; Input Port ; Output Port ; RR     ; RF     ; FR     ; FF     ;
+------------+-------------+--------+--------+--------+--------+
; C_in       ; C_out       ; 18.879 ;        ;        ; 18.879 ;
; C_in       ; OverFlow    ; 13.922 ; 13.922 ; 13.922 ; 13.922 ;
; C_in       ; s[0]        ; 11.341 ; 11.341 ; 11.341 ; 11.341 ;
; C_in       ; s[1]        ; 11.617 ; 11.617 ; 11.617 ; 11.617 ;
; C_in       ; s[2]        ; 11.090 ; 11.090 ; 11.090 ; 11.090 ;
; C_in       ; s[3]        ; 11.063 ; 11.063 ; 11.063 ; 11.063 ;
; C_in       ; s[4]        ; 16.722 ; 16.722 ; 16.722 ; 16.722 ;
; C_in       ; s[5]        ; 12.382 ; 12.382 ; 12.382 ; 12.382 ;
; C_in       ; s[6]        ; 12.992 ; 12.992 ; 12.992 ; 12.992 ;
; C_in       ; s[7]        ; 14.325 ; 14.325 ; 14.325 ; 14.325 ;
; x[0]       ; C_out       ; 18.771 ;        ;        ; 18.771 ;
; x[0]       ; OverFlow    ; 13.814 ; 13.814 ; 13.814 ; 13.814 ;
; x[0]       ; s[0]        ; 11.231 ; 11.231 ; 11.231 ; 11.231 ;
; x[0]       ; s[1]        ; 11.509 ; 11.509 ; 11.509 ; 11.509 ;
; x[0]       ; s[2]        ; 10.982 ; 10.982 ; 10.982 ; 10.982 ;
; x[0]       ; s[3]        ; 10.955 ; 10.955 ; 10.955 ; 10.955 ;
; x[0]       ; s[4]        ; 16.614 ; 16.614 ; 16.614 ; 16.614 ;
; x[0]       ; s[5]        ; 12.274 ; 12.274 ; 12.274 ; 12.274 ;
; x[0]       ; s[6]        ; 12.884 ; 12.884 ; 12.884 ; 12.884 ;
; x[0]       ; s[7]        ; 14.217 ; 14.217 ; 14.217 ; 14.217 ;
; x[1]       ; C_out       ; 18.947 ;        ;        ; 18.947 ;
; x[1]       ; OverFlow    ; 13.990 ; 13.990 ; 13.990 ; 13.990 ;
; x[1]       ; s[1]        ; 11.681 ; 11.681 ; 11.681 ; 11.681 ;
; x[1]       ; s[2]        ; 11.158 ; 11.158 ; 11.158 ; 11.158 ;
; x[1]       ; s[3]        ; 11.131 ; 11.131 ; 11.131 ; 11.131 ;
; x[1]       ; s[4]        ; 16.790 ; 16.790 ; 16.790 ; 16.790 ;
; x[1]       ; s[5]        ; 12.450 ; 12.450 ; 12.450 ; 12.450 ;
; x[1]       ; s[6]        ; 13.060 ; 13.060 ; 13.060 ; 13.060 ;
; x[1]       ; s[7]        ; 14.393 ; 14.393 ; 14.393 ; 14.393 ;
; x[2]       ; C_out       ; 18.116 ;        ;        ; 18.116 ;
; x[2]       ; OverFlow    ; 13.159 ; 13.159 ; 13.159 ; 13.159 ;
; x[2]       ; s[2]        ; 10.323 ; 10.323 ; 10.323 ; 10.323 ;
; x[2]       ; s[3]        ; 9.613  ; 9.613  ; 9.613  ; 9.613  ;
; x[2]       ; s[4]        ; 15.959 ; 15.959 ; 15.959 ; 15.959 ;
; x[2]       ; s[5]        ; 11.619 ; 11.619 ; 11.619 ; 11.619 ;
; x[2]       ; s[6]        ; 12.229 ; 12.229 ; 12.229 ; 12.229 ;
; x[2]       ; s[7]        ; 13.562 ; 13.562 ; 13.562 ; 13.562 ;
; x[3]       ; C_out       ; 19.747 ;        ;        ; 19.747 ;
; x[3]       ; OverFlow    ; 14.790 ; 14.790 ; 14.790 ; 14.790 ;
; x[3]       ; s[3]        ; 11.822 ; 11.822 ; 11.822 ; 11.822 ;
; x[3]       ; s[4]        ; 17.590 ; 17.590 ; 17.590 ; 17.590 ;
; x[3]       ; s[5]        ; 13.250 ; 13.250 ; 13.250 ; 13.250 ;
; x[3]       ; s[6]        ; 13.860 ; 13.860 ; 13.860 ; 13.860 ;
; x[3]       ; s[7]        ; 15.193 ; 15.193 ; 15.193 ; 15.193 ;
; x[4]       ; C_out       ; 17.388 ;        ;        ; 17.388 ;
; x[4]       ; OverFlow    ; 12.431 ; 12.431 ; 12.431 ; 12.431 ;
; x[4]       ; s[4]        ; 15.231 ; 15.231 ; 15.231 ; 15.231 ;
; x[4]       ; s[5]        ; 10.891 ; 10.891 ; 10.891 ; 10.891 ;
; x[4]       ; s[6]        ; 11.501 ; 11.501 ; 11.501 ; 11.501 ;
; x[4]       ; s[7]        ; 12.834 ; 12.834 ; 12.834 ; 12.834 ;
; x[5]       ; C_out       ; 16.378 ;        ;        ; 16.378 ;
; x[5]       ; OverFlow    ; 11.421 ; 11.421 ; 11.421 ; 11.421 ;
; x[5]       ; s[5]        ; 9.875  ; 9.875  ; 9.875  ; 9.875  ;
; x[5]       ; s[6]        ; 10.491 ; 10.491 ; 10.491 ; 10.491 ;
; x[5]       ; s[7]        ; 11.824 ; 11.824 ; 11.824 ; 11.824 ;
; x[6]       ; C_out       ; 15.625 ;        ;        ; 15.625 ;
; x[6]       ; OverFlow    ; 10.668 ; 10.668 ; 10.668 ; 10.668 ;
; x[6]       ; s[6]        ; 9.741  ; 9.741  ; 9.741  ; 9.741  ;
; x[6]       ; s[7]        ; 11.071 ; 11.071 ; 11.071 ; 11.071 ;
; x[7]       ; C_out       ; 16.311 ;        ;        ; 16.311 ;
; x[7]       ; OverFlow    ; 11.350 ; 11.350 ; 11.350 ; 11.350 ;
; x[7]       ; s[7]        ; 11.764 ; 11.764 ; 11.764 ; 11.764 ;
; y[0]       ; C_out       ; 19.127 ;        ;        ; 19.127 ;
; y[0]       ; OverFlow    ; 14.170 ; 14.170 ; 14.170 ; 14.170 ;
; y[0]       ; s[0]        ; 11.585 ; 11.585 ; 11.585 ; 11.585 ;
; y[0]       ; s[1]        ; 11.865 ; 11.865 ; 11.865 ; 11.865 ;
; y[0]       ; s[2]        ; 11.338 ; 11.338 ; 11.338 ; 11.338 ;
; y[0]       ; s[3]        ; 11.311 ; 11.311 ; 11.311 ; 11.311 ;
; y[0]       ; s[4]        ; 16.970 ; 16.970 ; 16.970 ; 16.970 ;
; y[0]       ; s[5]        ; 12.630 ; 12.630 ; 12.630 ; 12.630 ;
; y[0]       ; s[6]        ; 13.240 ; 13.240 ; 13.240 ; 13.240 ;
; y[0]       ; s[7]        ; 14.573 ; 14.573 ; 14.573 ; 14.573 ;
; y[1]       ; C_out       ; 19.336 ;        ;        ; 19.336 ;
; y[1]       ; OverFlow    ; 14.379 ; 14.379 ; 14.379 ; 14.379 ;
; y[1]       ; s[1]        ; 12.078 ; 12.078 ; 12.078 ; 12.078 ;
; y[1]       ; s[2]        ; 11.547 ; 11.547 ; 11.547 ; 11.547 ;
; y[1]       ; s[3]        ; 11.520 ; 11.520 ; 11.520 ; 11.520 ;
; y[1]       ; s[4]        ; 17.179 ; 17.179 ; 17.179 ; 17.179 ;
; y[1]       ; s[5]        ; 12.839 ; 12.839 ; 12.839 ; 12.839 ;
; y[1]       ; s[6]        ; 13.449 ; 13.449 ; 13.449 ; 13.449 ;
; y[1]       ; s[7]        ; 14.782 ; 14.782 ; 14.782 ; 14.782 ;
; y[2]       ; C_out       ; 19.217 ;        ;        ; 19.217 ;
; y[2]       ; OverFlow    ; 14.260 ; 14.260 ; 14.260 ; 14.260 ;
; y[2]       ; s[2]        ; 11.429 ; 11.429 ; 11.429 ; 11.429 ;
; y[2]       ; s[3]        ; 11.063 ; 11.063 ; 11.063 ; 11.063 ;
; y[2]       ; s[4]        ; 17.060 ; 17.060 ; 17.060 ; 17.060 ;
; y[2]       ; s[5]        ; 12.720 ; 12.720 ; 12.720 ; 12.720 ;
; y[2]       ; s[6]        ; 13.330 ; 13.330 ; 13.330 ; 13.330 ;
; y[2]       ; s[7]        ; 14.663 ; 14.663 ; 14.663 ; 14.663 ;
; y[3]       ; C_out       ; 20.485 ;        ;        ; 20.485 ;
; y[3]       ; OverFlow    ; 15.528 ; 15.528 ; 15.528 ; 15.528 ;
; y[3]       ; s[3]        ; 12.608 ; 12.608 ; 12.608 ; 12.608 ;
; y[3]       ; s[4]        ; 18.328 ; 18.328 ; 18.328 ; 18.328 ;
; y[3]       ; s[5]        ; 13.988 ; 13.988 ; 13.988 ; 13.988 ;
; y[3]       ; s[6]        ; 14.598 ; 14.598 ; 14.598 ; 14.598 ;
; y[3]       ; s[7]        ; 15.931 ; 15.931 ; 15.931 ; 15.931 ;
; y[4]       ; C_out       ; 17.052 ;        ;        ; 17.052 ;
; y[4]       ; OverFlow    ; 12.095 ; 12.095 ; 12.095 ; 12.095 ;
; y[4]       ; s[4]        ; 14.895 ; 14.895 ; 14.895 ; 14.895 ;
; y[4]       ; s[5]        ; 10.555 ; 10.555 ; 10.555 ; 10.555 ;
; y[4]       ; s[6]        ; 11.165 ; 11.165 ; 11.165 ; 11.165 ;
; y[4]       ; s[7]        ; 12.498 ; 12.498 ; 12.498 ; 12.498 ;
; y[5]       ; C_out       ; 17.854 ;        ;        ; 17.854 ;
; y[5]       ; OverFlow    ; 12.897 ; 12.897 ; 12.897 ; 12.897 ;
; y[5]       ; s[5]        ; 11.353 ; 11.353 ; 11.353 ; 11.353 ;
; y[5]       ; s[6]        ; 11.967 ; 11.967 ; 11.967 ; 11.967 ;
; y[5]       ; s[7]        ; 13.300 ; 13.300 ; 13.300 ; 13.300 ;
; y[6]       ; C_out       ; 15.830 ;        ;        ; 15.830 ;
; y[6]       ; OverFlow    ; 10.873 ; 10.873 ; 10.873 ; 10.873 ;
; y[6]       ; s[6]        ; 9.943  ; 9.943  ; 9.943  ; 9.943  ;
; y[6]       ; s[7]        ; 11.276 ; 11.276 ; 11.276 ; 11.276 ;
; y[7]       ; C_out       ; 14.944 ;        ;        ; 14.944 ;
; y[7]       ; OverFlow    ; 9.987  ; 9.987  ; 9.987  ; 9.987  ;
; y[7]       ; s[7]        ; 10.398 ; 10.398 ; 10.398 ; 10.398 ;
+------------+-------------+--------+--------+--------+--------+


+--------------------------------------------------------------+
; Minimum Propagation Delay                                    ;
+------------+-------------+--------+--------+--------+--------+
; Input Port ; Output Port ; RR     ; RF     ; FR     ; FF     ;
+------------+-------------+--------+--------+--------+--------+
; C_in       ; C_out       ; 18.879 ;        ;        ; 18.879 ;
; C_in       ; OverFlow    ; 13.922 ; 13.922 ; 13.922 ; 13.922 ;
; C_in       ; s[0]        ; 11.341 ; 11.341 ; 11.341 ; 11.341 ;
; C_in       ; s[1]        ; 11.617 ; 11.617 ; 11.617 ; 11.617 ;
; C_in       ; s[2]        ; 11.090 ; 11.090 ; 11.090 ; 11.090 ;
; C_in       ; s[3]        ; 11.063 ; 11.063 ; 11.063 ; 11.063 ;
; C_in       ; s[4]        ; 16.722 ; 16.722 ; 16.722 ; 16.722 ;
; C_in       ; s[5]        ; 12.382 ; 12.382 ; 12.382 ; 12.382 ;
; C_in       ; s[6]        ; 12.992 ; 12.992 ; 12.992 ; 12.992 ;
; C_in       ; s[7]        ; 14.325 ; 14.325 ; 14.325 ; 14.325 ;
; x[0]       ; C_out       ; 18.771 ;        ;        ; 18.771 ;
; x[0]       ; OverFlow    ; 13.814 ; 13.814 ; 13.814 ; 13.814 ;
; x[0]       ; s[0]        ; 11.231 ; 11.231 ; 11.231 ; 11.231 ;
; x[0]       ; s[1]        ; 11.509 ; 11.509 ; 11.509 ; 11.509 ;
; x[0]       ; s[2]        ; 10.982 ; 10.982 ; 10.982 ; 10.982 ;
; x[0]       ; s[3]        ; 10.955 ; 10.955 ; 10.955 ; 10.955 ;
; x[0]       ; s[4]        ; 16.614 ; 16.614 ; 16.614 ; 16.614 ;
; x[0]       ; s[5]        ; 12.274 ; 12.274 ; 12.274 ; 12.274 ;
; x[0]       ; s[6]        ; 12.884 ; 12.884 ; 12.884 ; 12.884 ;
; x[0]       ; s[7]        ; 14.217 ; 14.217 ; 14.217 ; 14.217 ;
; x[1]       ; C_out       ; 18.947 ;        ;        ; 18.947 ;
; x[1]       ; OverFlow    ; 13.990 ; 13.990 ; 13.990 ; 13.990 ;
; x[1]       ; s[1]        ; 11.681 ; 11.681 ; 11.681 ; 11.681 ;
; x[1]       ; s[2]        ; 11.158 ; 11.158 ; 11.158 ; 11.158 ;
; x[1]       ; s[3]        ; 11.131 ; 11.131 ; 11.131 ; 11.131 ;
; x[1]       ; s[4]        ; 16.790 ; 16.790 ; 16.790 ; 16.790 ;
; x[1]       ; s[5]        ; 12.450 ; 12.450 ; 12.450 ; 12.450 ;
; x[1]       ; s[6]        ; 13.060 ; 13.060 ; 13.060 ; 13.060 ;
; x[1]       ; s[7]        ; 14.393 ; 14.393 ; 14.393 ; 14.393 ;
; x[2]       ; C_out       ; 18.116 ;        ;        ; 18.116 ;
; x[2]       ; OverFlow    ; 13.159 ; 13.159 ; 13.159 ; 13.159 ;
; x[2]       ; s[2]        ; 10.323 ; 10.323 ; 10.323 ; 10.323 ;
; x[2]       ; s[3]        ; 9.613  ; 9.613  ; 9.613  ; 9.613  ;
; x[2]       ; s[4]        ; 15.959 ; 15.959 ; 15.959 ; 15.959 ;
; x[2]       ; s[5]        ; 11.619 ; 11.619 ; 11.619 ; 11.619 ;
; x[2]       ; s[6]        ; 12.229 ; 12.229 ; 12.229 ; 12.229 ;
; x[2]       ; s[7]        ; 13.562 ; 13.562 ; 13.562 ; 13.562 ;
; x[3]       ; C_out       ; 18.769 ;        ;        ; 18.769 ;
; x[3]       ; OverFlow    ; 13.812 ; 13.812 ; 13.812 ; 13.812 ;
; x[3]       ; s[3]        ; 11.822 ; 11.822 ; 11.822 ; 11.822 ;
; x[3]       ; s[4]        ; 16.610 ; 16.610 ; 16.610 ; 16.610 ;
; x[3]       ; s[5]        ; 12.272 ; 12.272 ; 12.272 ; 12.272 ;
; x[3]       ; s[6]        ; 12.882 ; 12.882 ; 12.882 ; 12.882 ;
; x[3]       ; s[7]        ; 14.215 ; 14.215 ; 14.215 ; 14.215 ;
; x[4]       ; C_out       ; 17.388 ;        ;        ; 17.388 ;
; x[4]       ; OverFlow    ; 12.431 ; 12.431 ; 12.431 ; 12.431 ;
; x[4]       ; s[4]        ; 15.231 ; 15.231 ; 15.231 ; 15.231 ;
; x[4]       ; s[5]        ; 10.891 ; 10.891 ; 10.891 ; 10.891 ;
; x[4]       ; s[6]        ; 11.501 ; 11.501 ; 11.501 ; 11.501 ;
; x[4]       ; s[7]        ; 12.834 ; 12.834 ; 12.834 ; 12.834 ;
; x[5]       ; C_out       ; 16.378 ;        ;        ; 16.378 ;
; x[5]       ; OverFlow    ; 11.421 ; 11.421 ; 11.421 ; 11.421 ;
; x[5]       ; s[5]        ; 9.875  ; 9.875  ; 9.875  ; 9.875  ;
; x[5]       ; s[6]        ; 10.491 ; 10.491 ; 10.491 ; 10.491 ;
; x[5]       ; s[7]        ; 11.824 ; 11.824 ; 11.824 ; 11.824 ;
; x[6]       ; C_out       ; 15.625 ;        ;        ; 15.625 ;
; x[6]       ; OverFlow    ; 10.668 ; 10.668 ; 10.668 ; 10.668 ;
; x[6]       ; s[6]        ; 9.741  ; 9.741  ; 9.741  ; 9.741  ;
; x[6]       ; s[7]        ; 11.071 ; 11.071 ; 11.071 ; 11.071 ;
; x[7]       ; C_out       ; 16.311 ;        ;        ; 16.311 ;
; x[7]       ; OverFlow    ; 11.350 ; 11.350 ; 11.350 ; 11.350 ;
; x[7]       ; s[7]        ; 11.764 ; 11.764 ; 11.764 ; 11.764 ;
; y[0]       ; C_out       ; 19.127 ;        ;        ; 19.127 ;
; y[0]       ; OverFlow    ; 14.170 ; 14.170 ; 14.170 ; 14.170 ;
; y[0]       ; s[0]        ; 11.585 ; 11.585 ; 11.585 ; 11.585 ;
; y[0]       ; s[1]        ; 11.865 ; 11.865 ; 11.865 ; 11.865 ;
; y[0]       ; s[2]        ; 11.338 ; 11.338 ; 11.338 ; 11.338 ;
; y[0]       ; s[3]        ; 11.311 ; 11.311 ; 11.311 ; 11.311 ;
; y[0]       ; s[4]        ; 16.970 ; 16.970 ; 16.970 ; 16.970 ;
; y[0]       ; s[5]        ; 12.630 ; 12.630 ; 12.630 ; 12.630 ;
; y[0]       ; s[6]        ; 13.240 ; 13.240 ; 13.240 ; 13.240 ;
; y[0]       ; s[7]        ; 14.573 ; 14.573 ; 14.573 ; 14.573 ;
; y[1]       ; C_out       ; 19.336 ;        ;        ; 19.336 ;
; y[1]       ; OverFlow    ; 14.379 ; 14.379 ; 14.379 ; 14.379 ;
; y[1]       ; s[1]        ; 12.078 ; 12.078 ; 12.078 ; 12.078 ;
; y[1]       ; s[2]        ; 11.547 ; 11.547 ; 11.547 ; 11.547 ;
; y[1]       ; s[3]        ; 11.520 ; 11.520 ; 11.520 ; 11.520 ;
; y[1]       ; s[4]        ; 17.179 ; 17.179 ; 17.179 ; 17.179 ;
; y[1]       ; s[5]        ; 12.839 ; 12.839 ; 12.839 ; 12.839 ;
; y[1]       ; s[6]        ; 13.449 ; 13.449 ; 13.449 ; 13.449 ;
; y[1]       ; s[7]        ; 14.782 ; 14.782 ; 14.782 ; 14.782 ;
; y[2]       ; C_out       ; 19.217 ;        ;        ; 19.217 ;
; y[2]       ; OverFlow    ; 14.260 ; 14.260 ; 14.260 ; 14.260 ;
; y[2]       ; s[2]        ; 11.429 ; 11.429 ; 11.429 ; 11.429 ;
; y[2]       ; s[3]        ; 11.063 ; 11.063 ; 11.063 ; 11.063 ;
; y[2]       ; s[4]        ; 17.060 ; 17.060 ; 17.060 ; 17.060 ;
; y[2]       ; s[5]        ; 12.720 ; 12.720 ; 12.720 ; 12.720 ;
; y[2]       ; s[6]        ; 13.330 ; 13.330 ; 13.330 ; 13.330 ;
; y[2]       ; s[7]        ; 14.663 ; 14.663 ; 14.663 ; 14.663 ;
; y[3]       ; C_out       ; 19.550 ;        ;        ; 19.550 ;
; y[3]       ; OverFlow    ; 14.593 ; 14.593 ; 14.593 ; 14.593 ;
; y[3]       ; s[3]        ; 12.608 ; 12.608 ; 12.608 ; 12.608 ;
; y[3]       ; s[4]        ; 17.391 ; 17.391 ; 17.391 ; 17.391 ;
; y[3]       ; s[5]        ; 13.053 ; 13.053 ; 13.053 ; 13.053 ;
; y[3]       ; s[6]        ; 13.663 ; 13.663 ; 13.663 ; 13.663 ;
; y[3]       ; s[7]        ; 14.996 ; 14.996 ; 14.996 ; 14.996 ;
; y[4]       ; C_out       ; 17.052 ;        ;        ; 17.052 ;
; y[4]       ; OverFlow    ; 12.095 ; 12.095 ; 12.095 ; 12.095 ;
; y[4]       ; s[4]        ; 14.895 ; 14.895 ; 14.895 ; 14.895 ;
; y[4]       ; s[5]        ; 10.555 ; 10.555 ; 10.555 ; 10.555 ;
; y[4]       ; s[6]        ; 11.165 ; 11.165 ; 11.165 ; 11.165 ;
; y[4]       ; s[7]        ; 12.498 ; 12.498 ; 12.498 ; 12.498 ;
; y[5]       ; C_out       ; 17.854 ;        ;        ; 17.854 ;
; y[5]       ; OverFlow    ; 12.897 ; 12.897 ; 12.897 ; 12.897 ;
; y[5]       ; s[5]        ; 11.353 ; 11.353 ; 11.353 ; 11.353 ;
; y[5]       ; s[6]        ; 11.967 ; 11.967 ; 11.967 ; 11.967 ;
; y[5]       ; s[7]        ; 13.300 ; 13.300 ; 13.300 ; 13.300 ;
; y[6]       ; C_out       ; 15.830 ;        ;        ; 15.830 ;
; y[6]       ; OverFlow    ; 10.873 ; 10.873 ; 10.873 ; 10.873 ;
; y[6]       ; s[6]        ; 9.943  ; 9.943  ; 9.943  ; 9.943  ;
; y[6]       ; s[7]        ; 11.276 ; 11.276 ; 11.276 ; 11.276 ;
; y[7]       ; C_out       ; 14.944 ;        ;        ; 14.944 ;
; y[7]       ; OverFlow    ; 9.987  ; 9.987  ; 9.987  ; 9.987  ;
; y[7]       ; s[7]        ; 10.398 ; 10.398 ; 10.398 ; 10.398 ;
+------------+-------------+--------+--------+--------+--------+


----------------------------
; Fast Model Setup Summary ;
----------------------------
No paths to report.


---------------------------
; Fast Model Hold Summary ;
---------------------------
No paths to report.


-------------------------------
; Fast Model Recovery Summary ;
-------------------------------
No paths to report.


------------------------------
; Fast Model Removal Summary ;
------------------------------
No paths to report.


------------------------------------------
; Fast Model Minimum Pulse Width Summary ;
------------------------------------------
No paths to report.


+----------------------------------------------------------+
; Propagation Delay                                        ;
+------------+-------------+-------+-------+-------+-------+
; Input Port ; Output Port ; RR    ; RF    ; FR    ; FF    ;
+------------+-------------+-------+-------+-------+-------+
; C_in       ; C_out       ; 8.689 ;       ;       ; 8.689 ;
; C_in       ; OverFlow    ; 6.563 ; 6.563 ; 6.563 ; 6.563 ;
; C_in       ; s[0]        ; 5.776 ; 5.776 ; 5.776 ; 5.776 ;
; C_in       ; s[1]        ; 5.854 ; 5.854 ; 5.854 ; 5.854 ;
; C_in       ; s[2]        ; 5.553 ; 5.553 ; 5.553 ; 5.553 ;
; C_in       ; s[3]        ; 5.510 ; 5.510 ; 5.510 ; 5.510 ;
; C_in       ; s[4]        ; 7.736 ; 7.736 ; 7.736 ; 7.736 ;
; C_in       ; s[5]        ; 5.958 ; 5.958 ; 5.958 ; 5.958 ;
; C_in       ; s[6]        ; 6.189 ; 6.189 ; 6.189 ; 6.189 ;
; C_in       ; s[7]        ; 6.776 ; 6.776 ; 6.776 ; 6.776 ;
; x[0]       ; C_out       ; 8.661 ;       ;       ; 8.661 ;
; x[0]       ; OverFlow    ; 6.535 ; 6.535 ; 6.535 ; 6.535 ;
; x[0]       ; s[0]        ; 5.749 ; 5.749 ; 5.749 ; 5.749 ;
; x[0]       ; s[1]        ; 5.826 ; 5.826 ; 5.826 ; 5.826 ;
; x[0]       ; s[2]        ; 5.525 ; 5.525 ; 5.525 ; 5.525 ;
; x[0]       ; s[3]        ; 5.482 ; 5.482 ; 5.482 ; 5.482 ;
; x[0]       ; s[4]        ; 7.708 ; 7.708 ; 7.708 ; 7.708 ;
; x[0]       ; s[5]        ; 5.930 ; 5.930 ; 5.930 ; 5.930 ;
; x[0]       ; s[6]        ; 6.161 ; 6.161 ; 6.161 ; 6.161 ;
; x[0]       ; s[7]        ; 6.748 ; 6.748 ; 6.748 ; 6.748 ;
; x[1]       ; C_out       ; 8.704 ;       ;       ; 8.704 ;
; x[1]       ; OverFlow    ; 6.578 ; 6.578 ; 6.578 ; 6.578 ;
; x[1]       ; s[1]        ; 5.867 ; 5.867 ; 5.867 ; 5.867 ;
; x[1]       ; s[2]        ; 5.568 ; 5.568 ; 5.568 ; 5.568 ;
; x[1]       ; s[3]        ; 5.525 ; 5.525 ; 5.525 ; 5.525 ;
; x[1]       ; s[4]        ; 7.751 ; 7.751 ; 7.751 ; 7.751 ;
; x[1]       ; s[5]        ; 5.973 ; 5.973 ; 5.973 ; 5.973 ;
; x[1]       ; s[6]        ; 6.204 ; 6.204 ; 6.204 ; 6.204 ;
; x[1]       ; s[7]        ; 6.791 ; 6.791 ; 6.791 ; 6.791 ;
; x[2]       ; C_out       ; 8.415 ;       ;       ; 8.415 ;
; x[2]       ; OverFlow    ; 6.289 ; 6.289 ; 6.289 ; 6.289 ;
; x[2]       ; s[2]        ; 5.276 ; 5.276 ; 5.276 ; 5.276 ;
; x[2]       ; s[3]        ; 5.001 ; 5.001 ; 5.001 ; 5.001 ;
; x[2]       ; s[4]        ; 7.462 ; 7.462 ; 7.462 ; 7.462 ;
; x[2]       ; s[5]        ; 5.684 ; 5.684 ; 5.684 ; 5.684 ;
; x[2]       ; s[6]        ; 5.915 ; 5.915 ; 5.915 ; 5.915 ;
; x[2]       ; s[7]        ; 6.502 ; 6.502 ; 6.502 ; 6.502 ;
; x[3]       ; C_out       ; 9.070 ;       ;       ; 9.070 ;
; x[3]       ; OverFlow    ; 6.944 ; 6.944 ; 6.944 ; 6.944 ;
; x[3]       ; s[3]        ; 5.838 ; 5.838 ; 5.838 ; 5.838 ;
; x[3]       ; s[4]        ; 8.117 ; 8.117 ; 8.117 ; 8.117 ;
; x[3]       ; s[5]        ; 6.339 ; 6.339 ; 6.339 ; 6.339 ;
; x[3]       ; s[6]        ; 6.570 ; 6.570 ; 6.570 ; 6.570 ;
; x[3]       ; s[7]        ; 7.157 ; 7.157 ; 7.157 ; 7.157 ;
; x[4]       ; C_out       ; 8.182 ;       ;       ; 8.182 ;
; x[4]       ; OverFlow    ; 6.056 ; 6.056 ; 6.056 ; 6.056 ;
; x[4]       ; s[4]        ; 7.228 ; 7.228 ; 7.228 ; 7.228 ;
; x[4]       ; s[5]        ; 5.451 ; 5.451 ; 5.451 ; 5.451 ;
; x[4]       ; s[6]        ; 5.682 ; 5.682 ; 5.682 ; 5.682 ;
; x[4]       ; s[7]        ; 6.269 ; 6.269 ; 6.269 ; 6.269 ;
; x[5]       ; C_out       ; 7.804 ;       ;       ; 7.804 ;
; x[5]       ; OverFlow    ; 5.678 ; 5.678 ; 5.678 ; 5.678 ;
; x[5]       ; s[5]        ; 5.072 ; 5.072 ; 5.072 ; 5.072 ;
; x[5]       ; s[6]        ; 5.304 ; 5.304 ; 5.304 ; 5.304 ;
; x[5]       ; s[7]        ; 5.891 ; 5.891 ; 5.891 ; 5.891 ;
; x[6]       ; C_out       ; 7.532 ;       ;       ; 7.532 ;
; x[6]       ; OverFlow    ; 5.406 ; 5.406 ; 5.406 ; 5.406 ;
; x[6]       ; s[6]        ; 5.032 ; 5.032 ; 5.032 ; 5.032 ;
; x[6]       ; s[7]        ; 5.619 ; 5.619 ; 5.619 ; 5.619 ;
; x[7]       ; C_out       ; 7.813 ;       ;       ; 7.813 ;
; x[7]       ; OverFlow    ; 5.686 ; 5.686 ; 5.686 ; 5.686 ;
; x[7]       ; s[7]        ; 5.908 ; 5.908 ; 5.908 ; 5.908 ;
; y[0]       ; C_out       ; 8.767 ;       ;       ; 8.767 ;
; y[0]       ; OverFlow    ; 6.641 ; 6.641 ; 6.641 ; 6.641 ;
; y[0]       ; s[0]        ; 5.854 ; 5.854 ; 5.854 ; 5.854 ;
; y[0]       ; s[1]        ; 5.932 ; 5.932 ; 5.932 ; 5.932 ;
; y[0]       ; s[2]        ; 5.631 ; 5.631 ; 5.631 ; 5.631 ;
; y[0]       ; s[3]        ; 5.588 ; 5.588 ; 5.588 ; 5.588 ;
; y[0]       ; s[4]        ; 7.814 ; 7.814 ; 7.814 ; 7.814 ;
; y[0]       ; s[5]        ; 6.036 ; 6.036 ; 6.036 ; 6.036 ;
; y[0]       ; s[6]        ; 6.267 ; 6.267 ; 6.267 ; 6.267 ;
; y[0]       ; s[7]        ; 6.854 ; 6.854 ; 6.854 ; 6.854 ;
; y[1]       ; C_out       ; 8.994 ;       ;       ; 8.994 ;
; y[1]       ; OverFlow    ; 6.868 ; 6.868 ; 6.868 ; 6.868 ;
; y[1]       ; s[1]        ; 6.159 ; 6.159 ; 6.159 ; 6.159 ;
; y[1]       ; s[2]        ; 5.858 ; 5.858 ; 5.858 ; 5.858 ;
; y[1]       ; s[3]        ; 5.815 ; 5.815 ; 5.815 ; 5.815 ;
; y[1]       ; s[4]        ; 8.041 ; 8.041 ; 8.041 ; 8.041 ;
; y[1]       ; s[5]        ; 6.263 ; 6.263 ; 6.263 ; 6.263 ;
; y[1]       ; s[6]        ; 6.494 ; 6.494 ; 6.494 ; 6.494 ;
; y[1]       ; s[7]        ; 7.081 ; 7.081 ; 7.081 ; 7.081 ;
; y[2]       ; C_out       ; 8.925 ;       ;       ; 8.925 ;
; y[2]       ; OverFlow    ; 6.799 ; 6.799 ; 6.799 ; 6.799 ;
; y[2]       ; s[2]        ; 5.789 ; 5.789 ; 5.789 ; 5.789 ;
; y[2]       ; s[3]        ; 5.636 ; 5.636 ; 5.636 ; 5.636 ;
; y[2]       ; s[4]        ; 7.972 ; 7.972 ; 7.972 ; 7.972 ;
; y[2]       ; s[5]        ; 6.194 ; 6.194 ; 6.194 ; 6.194 ;
; y[2]       ; s[6]        ; 6.425 ; 6.425 ; 6.425 ; 6.425 ;
; y[2]       ; s[7]        ; 7.012 ; 7.012 ; 7.012 ; 7.012 ;
; y[3]       ; C_out       ; 9.496 ;       ;       ; 9.496 ;
; y[3]       ; OverFlow    ; 7.370 ; 7.370 ; 7.370 ; 7.370 ;
; y[3]       ; s[3]        ; 6.265 ; 6.265 ; 6.265 ; 6.265 ;
; y[3]       ; s[4]        ; 8.543 ; 8.543 ; 8.543 ; 8.543 ;
; y[3]       ; s[5]        ; 6.765 ; 6.765 ; 6.765 ; 6.765 ;
; y[3]       ; s[6]        ; 6.996 ; 6.996 ; 6.996 ; 6.996 ;
; y[3]       ; s[7]        ; 7.583 ; 7.583 ; 7.583 ; 7.583 ;
; y[4]       ; C_out       ; 8.032 ;       ;       ; 8.032 ;
; y[4]       ; OverFlow    ; 5.906 ; 5.906 ; 5.906 ; 5.906 ;
; y[4]       ; s[4]        ; 7.075 ; 7.075 ; 7.075 ; 7.075 ;
; y[4]       ; s[5]        ; 5.301 ; 5.301 ; 5.301 ; 5.301 ;
; y[4]       ; s[6]        ; 5.532 ; 5.532 ; 5.532 ; 5.532 ;
; y[4]       ; s[7]        ; 6.119 ; 6.119 ; 6.119 ; 6.119 ;
; y[5]       ; C_out       ; 8.483 ;       ;       ; 8.483 ;
; y[5]       ; OverFlow    ; 6.357 ; 6.357 ; 6.357 ; 6.357 ;
; y[5]       ; s[5]        ; 5.751 ; 5.751 ; 5.751 ; 5.751 ;
; y[5]       ; s[6]        ; 5.983 ; 5.983 ; 5.983 ; 5.983 ;
; y[5]       ; s[7]        ; 6.570 ; 6.570 ; 6.570 ; 6.570 ;
; y[6]       ; C_out       ; 7.601 ;       ;       ; 7.601 ;
; y[6]       ; OverFlow    ; 5.475 ; 5.475 ; 5.475 ; 5.475 ;
; y[6]       ; s[6]        ; 5.101 ; 5.101 ; 5.101 ; 5.101 ;
; y[6]       ; s[7]        ; 5.688 ; 5.688 ; 5.688 ; 5.688 ;
; y[7]       ; C_out       ; 7.278 ;       ;       ; 7.278 ;
; y[7]       ; OverFlow    ; 5.149 ; 5.149 ; 5.149 ; 5.149 ;
; y[7]       ; s[7]        ; 5.370 ; 5.370 ; 5.370 ; 5.370 ;
+------------+-------------+-------+-------+-------+-------+


+----------------------------------------------------------+
; Minimum Propagation Delay                                ;
+------------+-------------+-------+-------+-------+-------+
; Input Port ; Output Port ; RR    ; RF    ; FR    ; FF    ;
+------------+-------------+-------+-------+-------+-------+
; C_in       ; C_out       ; 8.689 ;       ;       ; 8.689 ;
; C_in       ; OverFlow    ; 6.563 ; 6.563 ; 6.563 ; 6.563 ;
; C_in       ; s[0]        ; 5.776 ; 5.776 ; 5.776 ; 5.776 ;
; C_in       ; s[1]        ; 5.854 ; 5.854 ; 5.854 ; 5.854 ;
; C_in       ; s[2]        ; 5.553 ; 5.553 ; 5.553 ; 5.553 ;
; C_in       ; s[3]        ; 5.510 ; 5.510 ; 5.510 ; 5.510 ;
; C_in       ; s[4]        ; 7.736 ; 7.736 ; 7.736 ; 7.736 ;
; C_in       ; s[5]        ; 5.958 ; 5.958 ; 5.958 ; 5.958 ;
; C_in       ; s[6]        ; 6.189 ; 6.189 ; 6.189 ; 6.189 ;
; C_in       ; s[7]        ; 6.776 ; 6.776 ; 6.776 ; 6.776 ;
; x[0]       ; C_out       ; 8.661 ;       ;       ; 8.661 ;
; x[0]       ; OverFlow    ; 6.535 ; 6.535 ; 6.535 ; 6.535 ;
; x[0]       ; s[0]        ; 5.749 ; 5.749 ; 5.749 ; 5.749 ;
; x[0]       ; s[1]        ; 5.826 ; 5.826 ; 5.826 ; 5.826 ;
; x[0]       ; s[2]        ; 5.525 ; 5.525 ; 5.525 ; 5.525 ;
; x[0]       ; s[3]        ; 5.482 ; 5.482 ; 5.482 ; 5.482 ;
; x[0]       ; s[4]        ; 7.708 ; 7.708 ; 7.708 ; 7.708 ;
; x[0]       ; s[5]        ; 5.930 ; 5.930 ; 5.930 ; 5.930 ;
; x[0]       ; s[6]        ; 6.161 ; 6.161 ; 6.161 ; 6.161 ;
; x[0]       ; s[7]        ; 6.748 ; 6.748 ; 6.748 ; 6.748 ;
; x[1]       ; C_out       ; 8.704 ;       ;       ; 8.704 ;
; x[1]       ; OverFlow    ; 6.578 ; 6.578 ; 6.578 ; 6.578 ;
; x[1]       ; s[1]        ; 5.867 ; 5.867 ; 5.867 ; 5.867 ;
; x[1]       ; s[2]        ; 5.568 ; 5.568 ; 5.568 ; 5.568 ;
; x[1]       ; s[3]        ; 5.525 ; 5.525 ; 5.525 ; 5.525 ;
; x[1]       ; s[4]        ; 7.751 ; 7.751 ; 7.751 ; 7.751 ;
; x[1]       ; s[5]        ; 5.973 ; 5.973 ; 5.973 ; 5.973 ;
; x[1]       ; s[6]        ; 6.204 ; 6.204 ; 6.204 ; 6.204 ;
; x[1]       ; s[7]        ; 6.791 ; 6.791 ; 6.791 ; 6.791 ;
; x[2]       ; C_out       ; 8.415 ;       ;       ; 8.415 ;
; x[2]       ; OverFlow    ; 6.289 ; 6.289 ; 6.289 ; 6.289 ;
; x[2]       ; s[2]        ; 5.276 ; 5.276 ; 5.276 ; 5.276 ;
; x[2]       ; s[3]        ; 5.001 ; 5.001 ; 5.001 ; 5.001 ;
; x[2]       ; s[4]        ; 7.462 ; 7.462 ; 7.462 ; 7.462 ;
; x[2]       ; s[5]        ; 5.684 ; 5.684 ; 5.684 ; 5.684 ;
; x[2]       ; s[6]        ; 5.915 ; 5.915 ; 5.915 ; 5.915 ;
; x[2]       ; s[7]        ; 6.502 ; 6.502 ; 6.502 ; 6.502 ;
; x[3]       ; C_out       ; 8.710 ;       ;       ; 8.710 ;
; x[3]       ; OverFlow    ; 6.584 ; 6.584 ; 6.584 ; 6.584 ;
; x[3]       ; s[3]        ; 5.838 ; 5.838 ; 5.838 ; 5.838 ;
; x[3]       ; s[4]        ; 7.755 ; 7.755 ; 7.755 ; 7.755 ;
; x[3]       ; s[5]        ; 5.979 ; 5.979 ; 5.979 ; 5.979 ;
; x[3]       ; s[6]        ; 6.210 ; 6.210 ; 6.210 ; 6.210 ;
; x[3]       ; s[7]        ; 6.797 ; 6.797 ; 6.797 ; 6.797 ;
; x[4]       ; C_out       ; 8.182 ;       ;       ; 8.182 ;
; x[4]       ; OverFlow    ; 6.056 ; 6.056 ; 6.056 ; 6.056 ;
; x[4]       ; s[4]        ; 7.228 ; 7.228 ; 7.228 ; 7.228 ;
; x[4]       ; s[5]        ; 5.451 ; 5.451 ; 5.451 ; 5.451 ;
; x[4]       ; s[6]        ; 5.682 ; 5.682 ; 5.682 ; 5.682 ;
; x[4]       ; s[7]        ; 6.269 ; 6.269 ; 6.269 ; 6.269 ;
; x[5]       ; C_out       ; 7.804 ;       ;       ; 7.804 ;
; x[5]       ; OverFlow    ; 5.678 ; 5.678 ; 5.678 ; 5.678 ;
; x[5]       ; s[5]        ; 5.072 ; 5.072 ; 5.072 ; 5.072 ;
; x[5]       ; s[6]        ; 5.304 ; 5.304 ; 5.304 ; 5.304 ;
; x[5]       ; s[7]        ; 5.891 ; 5.891 ; 5.891 ; 5.891 ;
; x[6]       ; C_out       ; 7.532 ;       ;       ; 7.532 ;
; x[6]       ; OverFlow    ; 5.406 ; 5.406 ; 5.406 ; 5.406 ;
; x[6]       ; s[6]        ; 5.032 ; 5.032 ; 5.032 ; 5.032 ;
; x[6]       ; s[7]        ; 5.619 ; 5.619 ; 5.619 ; 5.619 ;
; x[7]       ; C_out       ; 7.813 ;       ;       ; 7.813 ;
; x[7]       ; OverFlow    ; 5.686 ; 5.686 ; 5.686 ; 5.686 ;
; x[7]       ; s[7]        ; 5.908 ; 5.908 ; 5.908 ; 5.908 ;
; y[0]       ; C_out       ; 8.767 ;       ;       ; 8.767 ;
; y[0]       ; OverFlow    ; 6.641 ; 6.641 ; 6.641 ; 6.641 ;
; y[0]       ; s[0]        ; 5.854 ; 5.854 ; 5.854 ; 5.854 ;
; y[0]       ; s[1]        ; 5.932 ; 5.932 ; 5.932 ; 5.932 ;
; y[0]       ; s[2]        ; 5.631 ; 5.631 ; 5.631 ; 5.631 ;
; y[0]       ; s[3]        ; 5.588 ; 5.588 ; 5.588 ; 5.588 ;
; y[0]       ; s[4]        ; 7.814 ; 7.814 ; 7.814 ; 7.814 ;
; y[0]       ; s[5]        ; 6.036 ; 6.036 ; 6.036 ; 6.036 ;
; y[0]       ; s[6]        ; 6.267 ; 6.267 ; 6.267 ; 6.267 ;
; y[0]       ; s[7]        ; 6.854 ; 6.854 ; 6.854 ; 6.854 ;
; y[1]       ; C_out       ; 8.994 ;       ;       ; 8.994 ;
; y[1]       ; OverFlow    ; 6.868 ; 6.868 ; 6.868 ; 6.868 ;
; y[1]       ; s[1]        ; 6.159 ; 6.159 ; 6.159 ; 6.159 ;
; y[1]       ; s[2]        ; 5.858 ; 5.858 ; 5.858 ; 5.858 ;
; y[1]       ; s[3]        ; 5.815 ; 5.815 ; 5.815 ; 5.815 ;
; y[1]       ; s[4]        ; 8.041 ; 8.041 ; 8.041 ; 8.041 ;
; y[1]       ; s[5]        ; 6.263 ; 6.263 ; 6.263 ; 6.263 ;
; y[1]       ; s[6]        ; 6.494 ; 6.494 ; 6.494 ; 6.494 ;
; y[1]       ; s[7]        ; 7.081 ; 7.081 ; 7.081 ; 7.081 ;
; y[2]       ; C_out       ; 8.925 ;       ;       ; 8.925 ;
; y[2]       ; OverFlow    ; 6.799 ; 6.799 ; 6.799 ; 6.799 ;
; y[2]       ; s[2]        ; 5.789 ; 5.789 ; 5.789 ; 5.789 ;
; y[2]       ; s[3]        ; 5.636 ; 5.636 ; 5.636 ; 5.636 ;
; y[2]       ; s[4]        ; 7.972 ; 7.972 ; 7.972 ; 7.972 ;
; y[2]       ; s[5]        ; 6.194 ; 6.194 ; 6.194 ; 6.194 ;
; y[2]       ; s[6]        ; 6.425 ; 6.425 ; 6.425 ; 6.425 ;
; y[2]       ; s[7]        ; 7.012 ; 7.012 ; 7.012 ; 7.012 ;
; y[3]       ; C_out       ; 9.155 ;       ;       ; 9.155 ;
; y[3]       ; OverFlow    ; 7.029 ; 7.029 ; 7.029 ; 7.029 ;
; y[3]       ; s[3]        ; 6.265 ; 6.265 ; 6.265 ; 6.265 ;
; y[3]       ; s[4]        ; 8.200 ; 8.200 ; 8.200 ; 8.200 ;
; y[3]       ; s[5]        ; 6.424 ; 6.424 ; 6.424 ; 6.424 ;
; y[3]       ; s[6]        ; 6.655 ; 6.655 ; 6.655 ; 6.655 ;
; y[3]       ; s[7]        ; 7.242 ; 7.242 ; 7.242 ; 7.242 ;
; y[4]       ; C_out       ; 8.032 ;       ;       ; 8.032 ;
; y[4]       ; OverFlow    ; 5.906 ; 5.906 ; 5.906 ; 5.906 ;
; y[4]       ; s[4]        ; 7.075 ; 7.075 ; 7.075 ; 7.075 ;
; y[4]       ; s[5]        ; 5.301 ; 5.301 ; 5.301 ; 5.301 ;
; y[4]       ; s[6]        ; 5.532 ; 5.532 ; 5.532 ; 5.532 ;
; y[4]       ; s[7]        ; 6.119 ; 6.119 ; 6.119 ; 6.119 ;
; y[5]       ; C_out       ; 8.483 ;       ;       ; 8.483 ;
; y[5]       ; OverFlow    ; 6.357 ; 6.357 ; 6.357 ; 6.357 ;
; y[5]       ; s[5]        ; 5.751 ; 5.751 ; 5.751 ; 5.751 ;
; y[5]       ; s[6]        ; 5.983 ; 5.983 ; 5.983 ; 5.983 ;
; y[5]       ; s[7]        ; 6.570 ; 6.570 ; 6.570 ; 6.570 ;
; y[6]       ; C_out       ; 7.601 ;       ;       ; 7.601 ;
; y[6]       ; OverFlow    ; 5.475 ; 5.475 ; 5.475 ; 5.475 ;
; y[6]       ; s[6]        ; 5.101 ; 5.101 ; 5.101 ; 5.101 ;
; y[6]       ; s[7]        ; 5.688 ; 5.688 ; 5.688 ; 5.688 ;
; y[7]       ; C_out       ; 7.278 ;       ;       ; 7.278 ;
; y[7]       ; OverFlow    ; 5.149 ; 5.149 ; 5.149 ; 5.149 ;
; y[7]       ; s[7]        ; 5.370 ; 5.370 ; 5.370 ; 5.370 ;
+------------+-------------+-------+-------+-------+-------+


+----------------------------------------------------------------------------+
; Multicorner Timing Analysis Summary                                        ;
+------------------+-------+------+----------+---------+---------------------+
; Clock            ; Setup ; Hold ; Recovery ; Removal ; Minimum Pulse Width ;
+------------------+-------+------+----------+---------+---------------------+
; Worst-case Slack ; N/A   ; N/A  ; N/A      ; N/A     ; N/A                 ;
; Design-wide TNS  ; 0.0   ; 0.0  ; 0.0      ; 0.0     ; 0.0                 ;
+------------------+-------+------+----------+---------+---------------------+


+--------------------------------------------------------------+
; Progagation Delay                                            ;
+------------+-------------+--------+--------+--------+--------+
; Input Port ; Output Port ; RR     ; RF     ; FR     ; FF     ;
+------------+-------------+--------+--------+--------+--------+
; C_in       ; C_out       ; 18.879 ;        ;        ; 18.879 ;
; C_in       ; OverFlow    ; 13.922 ; 13.922 ; 13.922 ; 13.922 ;
; C_in       ; s[0]        ; 11.341 ; 11.341 ; 11.341 ; 11.341 ;
; C_in       ; s[1]        ; 11.617 ; 11.617 ; 11.617 ; 11.617 ;
; C_in       ; s[2]        ; 11.090 ; 11.090 ; 11.090 ; 11.090 ;
; C_in       ; s[3]        ; 11.063 ; 11.063 ; 11.063 ; 11.063 ;
; C_in       ; s[4]        ; 16.722 ; 16.722 ; 16.722 ; 16.722 ;
; C_in       ; s[5]        ; 12.382 ; 12.382 ; 12.382 ; 12.382 ;
; C_in       ; s[6]        ; 12.992 ; 12.992 ; 12.992 ; 12.992 ;
; C_in       ; s[7]        ; 14.325 ; 14.325 ; 14.325 ; 14.325 ;
; x[0]       ; C_out       ; 18.771 ;        ;        ; 18.771 ;
; x[0]       ; OverFlow    ; 13.814 ; 13.814 ; 13.814 ; 13.814 ;
; x[0]       ; s[0]        ; 11.231 ; 11.231 ; 11.231 ; 11.231 ;
; x[0]       ; s[1]        ; 11.509 ; 11.509 ; 11.509 ; 11.509 ;
; x[0]       ; s[2]        ; 10.982 ; 10.982 ; 10.982 ; 10.982 ;
; x[0]       ; s[3]        ; 10.955 ; 10.955 ; 10.955 ; 10.955 ;
; x[0]       ; s[4]        ; 16.614 ; 16.614 ; 16.614 ; 16.614 ;
; x[0]       ; s[5]        ; 12.274 ; 12.274 ; 12.274 ; 12.274 ;
; x[0]       ; s[6]        ; 12.884 ; 12.884 ; 12.884 ; 12.884 ;
; x[0]       ; s[7]        ; 14.217 ; 14.217 ; 14.217 ; 14.217 ;
; x[1]       ; C_out       ; 18.947 ;        ;        ; 18.947 ;
; x[1]       ; OverFlow    ; 13.990 ; 13.990 ; 13.990 ; 13.990 ;
; x[1]       ; s[1]        ; 11.681 ; 11.681 ; 11.681 ; 11.681 ;
; x[1]       ; s[2]        ; 11.158 ; 11.158 ; 11.158 ; 11.158 ;
; x[1]       ; s[3]        ; 11.131 ; 11.131 ; 11.131 ; 11.131 ;
; x[1]       ; s[4]        ; 16.790 ; 16.790 ; 16.790 ; 16.790 ;
; x[1]       ; s[5]        ; 12.450 ; 12.450 ; 12.450 ; 12.450 ;
; x[1]       ; s[6]        ; 13.060 ; 13.060 ; 13.060 ; 13.060 ;
; x[1]       ; s[7]        ; 14.393 ; 14.393 ; 14.393 ; 14.393 ;
; x[2]       ; C_out       ; 18.116 ;        ;        ; 18.116 ;
; x[2]       ; OverFlow    ; 13.159 ; 13.159 ; 13.159 ; 13.159 ;
; x[2]       ; s[2]        ; 10.323 ; 10.323 ; 10.323 ; 10.323 ;
; x[2]       ; s[3]        ; 9.613  ; 9.613  ; 9.613  ; 9.613  ;
; x[2]       ; s[4]        ; 15.959 ; 15.959 ; 15.959 ; 15.959 ;
; x[2]       ; s[5]        ; 11.619 ; 11.619 ; 11.619 ; 11.619 ;
; x[2]       ; s[6]        ; 12.229 ; 12.229 ; 12.229 ; 12.229 ;
; x[2]       ; s[7]        ; 13.562 ; 13.562 ; 13.562 ; 13.562 ;
; x[3]       ; C_out       ; 19.747 ;        ;        ; 19.747 ;
; x[3]       ; OverFlow    ; 14.790 ; 14.790 ; 14.790 ; 14.790 ;
; x[3]       ; s[3]        ; 11.822 ; 11.822 ; 11.822 ; 11.822 ;
; x[3]       ; s[4]        ; 17.590 ; 17.590 ; 17.590 ; 17.590 ;
; x[3]       ; s[5]        ; 13.250 ; 13.250 ; 13.250 ; 13.250 ;
; x[3]       ; s[6]        ; 13.860 ; 13.860 ; 13.860 ; 13.860 ;
; x[3]       ; s[7]        ; 15.193 ; 15.193 ; 15.193 ; 15.193 ;
; x[4]       ; C_out       ; 17.388 ;        ;        ; 17.388 ;
; x[4]       ; OverFlow    ; 12.431 ; 12.431 ; 12.431 ; 12.431 ;
; x[4]       ; s[4]        ; 15.231 ; 15.231 ; 15.231 ; 15.231 ;
; x[4]       ; s[5]        ; 10.891 ; 10.891 ; 10.891 ; 10.891 ;
; x[4]       ; s[6]        ; 11.501 ; 11.501 ; 11.501 ; 11.501 ;
; x[4]       ; s[7]        ; 12.834 ; 12.834 ; 12.834 ; 12.834 ;
; x[5]       ; C_out       ; 16.378 ;        ;        ; 16.378 ;
; x[5]       ; OverFlow    ; 11.421 ; 11.421 ; 11.421 ; 11.421 ;
; x[5]       ; s[5]        ; 9.875  ; 9.875  ; 9.875  ; 9.875  ;
; x[5]       ; s[6]        ; 10.491 ; 10.491 ; 10.491 ; 10.491 ;
; x[5]       ; s[7]        ; 11.824 ; 11.824 ; 11.824 ; 11.824 ;
; x[6]       ; C_out       ; 15.625 ;        ;        ; 15.625 ;
; x[6]       ; OverFlow    ; 10.668 ; 10.668 ; 10.668 ; 10.668 ;
; x[6]       ; s[6]        ; 9.741  ; 9.741  ; 9.741  ; 9.741  ;
; x[6]       ; s[7]        ; 11.071 ; 11.071 ; 11.071 ; 11.071 ;
; x[7]       ; C_out       ; 16.311 ;        ;        ; 16.311 ;
; x[7]       ; OverFlow    ; 11.350 ; 11.350 ; 11.350 ; 11.350 ;
; x[7]       ; s[7]        ; 11.764 ; 11.764 ; 11.764 ; 11.764 ;
; y[0]       ; C_out       ; 19.127 ;        ;        ; 19.127 ;
; y[0]       ; OverFlow    ; 14.170 ; 14.170 ; 14.170 ; 14.170 ;
; y[0]       ; s[0]        ; 11.585 ; 11.585 ; 11.585 ; 11.585 ;
; y[0]       ; s[1]        ; 11.865 ; 11.865 ; 11.865 ; 11.865 ;
; y[0]       ; s[2]        ; 11.338 ; 11.338 ; 11.338 ; 11.338 ;
; y[0]       ; s[3]        ; 11.311 ; 11.311 ; 11.311 ; 11.311 ;
; y[0]       ; s[4]        ; 16.970 ; 16.970 ; 16.970 ; 16.970 ;
; y[0]       ; s[5]        ; 12.630 ; 12.630 ; 12.630 ; 12.630 ;
; y[0]       ; s[6]        ; 13.240 ; 13.240 ; 13.240 ; 13.240 ;
; y[0]       ; s[7]        ; 14.573 ; 14.573 ; 14.573 ; 14.573 ;
; y[1]       ; C_out       ; 19.336 ;        ;        ; 19.336 ;
; y[1]       ; OverFlow    ; 14.379 ; 14.379 ; 14.379 ; 14.379 ;
; y[1]       ; s[1]        ; 12.078 ; 12.078 ; 12.078 ; 12.078 ;
; y[1]       ; s[2]        ; 11.547 ; 11.547 ; 11.547 ; 11.547 ;
; y[1]       ; s[3]        ; 11.520 ; 11.520 ; 11.520 ; 11.520 ;
; y[1]       ; s[4]        ; 17.179 ; 17.179 ; 17.179 ; 17.179 ;
; y[1]       ; s[5]        ; 12.839 ; 12.839 ; 12.839 ; 12.839 ;
; y[1]       ; s[6]        ; 13.449 ; 13.449 ; 13.449 ; 13.449 ;
; y[1]       ; s[7]        ; 14.782 ; 14.782 ; 14.782 ; 14.782 ;
; y[2]       ; C_out       ; 19.217 ;        ;        ; 19.217 ;
; y[2]       ; OverFlow    ; 14.260 ; 14.260 ; 14.260 ; 14.260 ;
; y[2]       ; s[2]        ; 11.429 ; 11.429 ; 11.429 ; 11.429 ;
; y[2]       ; s[3]        ; 11.063 ; 11.063 ; 11.063 ; 11.063 ;
; y[2]       ; s[4]        ; 17.060 ; 17.060 ; 17.060 ; 17.060 ;
; y[2]       ; s[5]        ; 12.720 ; 12.720 ; 12.720 ; 12.720 ;
; y[2]       ; s[6]        ; 13.330 ; 13.330 ; 13.330 ; 13.330 ;
; y[2]       ; s[7]        ; 14.663 ; 14.663 ; 14.663 ; 14.663 ;
; y[3]       ; C_out       ; 20.485 ;        ;        ; 20.485 ;
; y[3]       ; OverFlow    ; 15.528 ; 15.528 ; 15.528 ; 15.528 ;
; y[3]       ; s[3]        ; 12.608 ; 12.608 ; 12.608 ; 12.608 ;
; y[3]       ; s[4]        ; 18.328 ; 18.328 ; 18.328 ; 18.328 ;
; y[3]       ; s[5]        ; 13.988 ; 13.988 ; 13.988 ; 13.988 ;
; y[3]       ; s[6]        ; 14.598 ; 14.598 ; 14.598 ; 14.598 ;
; y[3]       ; s[7]        ; 15.931 ; 15.931 ; 15.931 ; 15.931 ;
; y[4]       ; C_out       ; 17.052 ;        ;        ; 17.052 ;
; y[4]       ; OverFlow    ; 12.095 ; 12.095 ; 12.095 ; 12.095 ;
; y[4]       ; s[4]        ; 14.895 ; 14.895 ; 14.895 ; 14.895 ;
; y[4]       ; s[5]        ; 10.555 ; 10.555 ; 10.555 ; 10.555 ;
; y[4]       ; s[6]        ; 11.165 ; 11.165 ; 11.165 ; 11.165 ;
; y[4]       ; s[7]        ; 12.498 ; 12.498 ; 12.498 ; 12.498 ;
; y[5]       ; C_out       ; 17.854 ;        ;        ; 17.854 ;
; y[5]       ; OverFlow    ; 12.897 ; 12.897 ; 12.897 ; 12.897 ;
; y[5]       ; s[5]        ; 11.353 ; 11.353 ; 11.353 ; 11.353 ;
; y[5]       ; s[6]        ; 11.967 ; 11.967 ; 11.967 ; 11.967 ;
; y[5]       ; s[7]        ; 13.300 ; 13.300 ; 13.300 ; 13.300 ;
; y[6]       ; C_out       ; 15.830 ;        ;        ; 15.830 ;
; y[6]       ; OverFlow    ; 10.873 ; 10.873 ; 10.873 ; 10.873 ;
; y[6]       ; s[6]        ; 9.943  ; 9.943  ; 9.943  ; 9.943  ;
; y[6]       ; s[7]        ; 11.276 ; 11.276 ; 11.276 ; 11.276 ;
; y[7]       ; C_out       ; 14.944 ;        ;        ; 14.944 ;
; y[7]       ; OverFlow    ; 9.987  ; 9.987  ; 9.987  ; 9.987  ;
; y[7]       ; s[7]        ; 10.398 ; 10.398 ; 10.398 ; 10.398 ;
+------------+-------------+--------+--------+--------+--------+


+----------------------------------------------------------+
; Minimum Progagation Delay                                ;
+------------+-------------+-------+-------+-------+-------+
; Input Port ; Output Port ; RR    ; RF    ; FR    ; FF    ;
+------------+-------------+-------+-------+-------+-------+
; C_in       ; C_out       ; 8.689 ;       ;       ; 8.689 ;
; C_in       ; OverFlow    ; 6.563 ; 6.563 ; 6.563 ; 6.563 ;
; C_in       ; s[0]        ; 5.776 ; 5.776 ; 5.776 ; 5.776 ;
; C_in       ; s[1]        ; 5.854 ; 5.854 ; 5.854 ; 5.854 ;
; C_in       ; s[2]        ; 5.553 ; 5.553 ; 5.553 ; 5.553 ;
; C_in       ; s[3]        ; 5.510 ; 5.510 ; 5.510 ; 5.510 ;
; C_in       ; s[4]        ; 7.736 ; 7.736 ; 7.736 ; 7.736 ;
; C_in       ; s[5]        ; 5.958 ; 5.958 ; 5.958 ; 5.958 ;
; C_in       ; s[6]        ; 6.189 ; 6.189 ; 6.189 ; 6.189 ;
; C_in       ; s[7]        ; 6.776 ; 6.776 ; 6.776 ; 6.776 ;
; x[0]       ; C_out       ; 8.661 ;       ;       ; 8.661 ;
; x[0]       ; OverFlow    ; 6.535 ; 6.535 ; 6.535 ; 6.535 ;
; x[0]       ; s[0]        ; 5.749 ; 5.749 ; 5.749 ; 5.749 ;
; x[0]       ; s[1]        ; 5.826 ; 5.826 ; 5.826 ; 5.826 ;
; x[0]       ; s[2]        ; 5.525 ; 5.525 ; 5.525 ; 5.525 ;
; x[0]       ; s[3]        ; 5.482 ; 5.482 ; 5.482 ; 5.482 ;
; x[0]       ; s[4]        ; 7.708 ; 7.708 ; 7.708 ; 7.708 ;
; x[0]       ; s[5]        ; 5.930 ; 5.930 ; 5.930 ; 5.930 ;
; x[0]       ; s[6]        ; 6.161 ; 6.161 ; 6.161 ; 6.161 ;
; x[0]       ; s[7]        ; 6.748 ; 6.748 ; 6.748 ; 6.748 ;
; x[1]       ; C_out       ; 8.704 ;       ;       ; 8.704 ;
; x[1]       ; OverFlow    ; 6.578 ; 6.578 ; 6.578 ; 6.578 ;
; x[1]       ; s[1]        ; 5.867 ; 5.867 ; 5.867 ; 5.867 ;
; x[1]       ; s[2]        ; 5.568 ; 5.568 ; 5.568 ; 5.568 ;
; x[1]       ; s[3]        ; 5.525 ; 5.525 ; 5.525 ; 5.525 ;
; x[1]       ; s[4]        ; 7.751 ; 7.751 ; 7.751 ; 7.751 ;
; x[1]       ; s[5]        ; 5.973 ; 5.973 ; 5.973 ; 5.973 ;
; x[1]       ; s[6]        ; 6.204 ; 6.204 ; 6.204 ; 6.204 ;
; x[1]       ; s[7]        ; 6.791 ; 6.791 ; 6.791 ; 6.791 ;
; x[2]       ; C_out       ; 8.415 ;       ;       ; 8.415 ;
; x[2]       ; OverFlow    ; 6.289 ; 6.289 ; 6.289 ; 6.289 ;
; x[2]       ; s[2]        ; 5.276 ; 5.276 ; 5.276 ; 5.276 ;
; x[2]       ; s[3]        ; 5.001 ; 5.001 ; 5.001 ; 5.001 ;
; x[2]       ; s[4]        ; 7.462 ; 7.462 ; 7.462 ; 7.462 ;
; x[2]       ; s[5]        ; 5.684 ; 5.684 ; 5.684 ; 5.684 ;
; x[2]       ; s[6]        ; 5.915 ; 5.915 ; 5.915 ; 5.915 ;
; x[2]       ; s[7]        ; 6.502 ; 6.502 ; 6.502 ; 6.502 ;
; x[3]       ; C_out       ; 8.710 ;       ;       ; 8.710 ;
; x[3]       ; OverFlow    ; 6.584 ; 6.584 ; 6.584 ; 6.584 ;
; x[3]       ; s[3]        ; 5.838 ; 5.838 ; 5.838 ; 5.838 ;
; x[3]       ; s[4]        ; 7.755 ; 7.755 ; 7.755 ; 7.755 ;
; x[3]       ; s[5]        ; 5.979 ; 5.979 ; 5.979 ; 5.979 ;
; x[3]       ; s[6]        ; 6.210 ; 6.210 ; 6.210 ; 6.210 ;
; x[3]       ; s[7]        ; 6.797 ; 6.797 ; 6.797 ; 6.797 ;
; x[4]       ; C_out       ; 8.182 ;       ;       ; 8.182 ;
; x[4]       ; OverFlow    ; 6.056 ; 6.056 ; 6.056 ; 6.056 ;
; x[4]       ; s[4]        ; 7.228 ; 7.228 ; 7.228 ; 7.228 ;
; x[4]       ; s[5]        ; 5.451 ; 5.451 ; 5.451 ; 5.451 ;
; x[4]       ; s[6]        ; 5.682 ; 5.682 ; 5.682 ; 5.682 ;
; x[4]       ; s[7]        ; 6.269 ; 6.269 ; 6.269 ; 6.269 ;
; x[5]       ; C_out       ; 7.804 ;       ;       ; 7.804 ;
; x[5]       ; OverFlow    ; 5.678 ; 5.678 ; 5.678 ; 5.678 ;
; x[5]       ; s[5]        ; 5.072 ; 5.072 ; 5.072 ; 5.072 ;
; x[5]       ; s[6]        ; 5.304 ; 5.304 ; 5.304 ; 5.304 ;
; x[5]       ; s[7]        ; 5.891 ; 5.891 ; 5.891 ; 5.891 ;
; x[6]       ; C_out       ; 7.532 ;       ;       ; 7.532 ;
; x[6]       ; OverFlow    ; 5.406 ; 5.406 ; 5.406 ; 5.406 ;
; x[6]       ; s[6]        ; 5.032 ; 5.032 ; 5.032 ; 5.032 ;
; x[6]       ; s[7]        ; 5.619 ; 5.619 ; 5.619 ; 5.619 ;
; x[7]       ; C_out       ; 7.813 ;       ;       ; 7.813 ;
; x[7]       ; OverFlow    ; 5.686 ; 5.686 ; 5.686 ; 5.686 ;
; x[7]       ; s[7]        ; 5.908 ; 5.908 ; 5.908 ; 5.908 ;
; y[0]       ; C_out       ; 8.767 ;       ;       ; 8.767 ;
; y[0]       ; OverFlow    ; 6.641 ; 6.641 ; 6.641 ; 6.641 ;
; y[0]       ; s[0]        ; 5.854 ; 5.854 ; 5.854 ; 5.854 ;
; y[0]       ; s[1]        ; 5.932 ; 5.932 ; 5.932 ; 5.932 ;
; y[0]       ; s[2]        ; 5.631 ; 5.631 ; 5.631 ; 5.631 ;
; y[0]       ; s[3]        ; 5.588 ; 5.588 ; 5.588 ; 5.588 ;
; y[0]       ; s[4]        ; 7.814 ; 7.814 ; 7.814 ; 7.814 ;
; y[0]       ; s[5]        ; 6.036 ; 6.036 ; 6.036 ; 6.036 ;
; y[0]       ; s[6]        ; 6.267 ; 6.267 ; 6.267 ; 6.267 ;
; y[0]       ; s[7]        ; 6.854 ; 6.854 ; 6.854 ; 6.854 ;
; y[1]       ; C_out       ; 8.994 ;       ;       ; 8.994 ;
; y[1]       ; OverFlow    ; 6.868 ; 6.868 ; 6.868 ; 6.868 ;
; y[1]       ; s[1]        ; 6.159 ; 6.159 ; 6.159 ; 6.159 ;
; y[1]       ; s[2]        ; 5.858 ; 5.858 ; 5.858 ; 5.858 ;
; y[1]       ; s[3]        ; 5.815 ; 5.815 ; 5.815 ; 5.815 ;
; y[1]       ; s[4]        ; 8.041 ; 8.041 ; 8.041 ; 8.041 ;
; y[1]       ; s[5]        ; 6.263 ; 6.263 ; 6.263 ; 6.263 ;
; y[1]       ; s[6]        ; 6.494 ; 6.494 ; 6.494 ; 6.494 ;
; y[1]       ; s[7]        ; 7.081 ; 7.081 ; 7.081 ; 7.081 ;
; y[2]       ; C_out       ; 8.925 ;       ;       ; 8.925 ;
; y[2]       ; OverFlow    ; 6.799 ; 6.799 ; 6.799 ; 6.799 ;
; y[2]       ; s[2]        ; 5.789 ; 5.789 ; 5.789 ; 5.789 ;
; y[2]       ; s[3]        ; 5.636 ; 5.636 ; 5.636 ; 5.636 ;
; y[2]       ; s[4]        ; 7.972 ; 7.972 ; 7.972 ; 7.972 ;
; y[2]       ; s[5]        ; 6.194 ; 6.194 ; 6.194 ; 6.194 ;
; y[2]       ; s[6]        ; 6.425 ; 6.425 ; 6.425 ; 6.425 ;
; y[2]       ; s[7]        ; 7.012 ; 7.012 ; 7.012 ; 7.012 ;
; y[3]       ; C_out       ; 9.155 ;       ;       ; 9.155 ;
; y[3]       ; OverFlow    ; 7.029 ; 7.029 ; 7.029 ; 7.029 ;
; y[3]       ; s[3]        ; 6.265 ; 6.265 ; 6.265 ; 6.265 ;
; y[3]       ; s[4]        ; 8.200 ; 8.200 ; 8.200 ; 8.200 ;
; y[3]       ; s[5]        ; 6.424 ; 6.424 ; 6.424 ; 6.424 ;
; y[3]       ; s[6]        ; 6.655 ; 6.655 ; 6.655 ; 6.655 ;
; y[3]       ; s[7]        ; 7.242 ; 7.242 ; 7.242 ; 7.242 ;
; y[4]       ; C_out       ; 8.032 ;       ;       ; 8.032 ;
; y[4]       ; OverFlow    ; 5.906 ; 5.906 ; 5.906 ; 5.906 ;
; y[4]       ; s[4]        ; 7.075 ; 7.075 ; 7.075 ; 7.075 ;
; y[4]       ; s[5]        ; 5.301 ; 5.301 ; 5.301 ; 5.301 ;
; y[4]       ; s[6]        ; 5.532 ; 5.532 ; 5.532 ; 5.532 ;
; y[4]       ; s[7]        ; 6.119 ; 6.119 ; 6.119 ; 6.119 ;
; y[5]       ; C_out       ; 8.483 ;       ;       ; 8.483 ;
; y[5]       ; OverFlow    ; 6.357 ; 6.357 ; 6.357 ; 6.357 ;
; y[5]       ; s[5]        ; 5.751 ; 5.751 ; 5.751 ; 5.751 ;
; y[5]       ; s[6]        ; 5.983 ; 5.983 ; 5.983 ; 5.983 ;
; y[5]       ; s[7]        ; 6.570 ; 6.570 ; 6.570 ; 6.570 ;
; y[6]       ; C_out       ; 7.601 ;       ;       ; 7.601 ;
; y[6]       ; OverFlow    ; 5.475 ; 5.475 ; 5.475 ; 5.475 ;
; y[6]       ; s[6]        ; 5.101 ; 5.101 ; 5.101 ; 5.101 ;
; y[6]       ; s[7]        ; 5.688 ; 5.688 ; 5.688 ; 5.688 ;
; y[7]       ; C_out       ; 7.278 ;       ;       ; 7.278 ;
; y[7]       ; OverFlow    ; 5.149 ; 5.149 ; 5.149 ; 5.149 ;
; y[7]       ; s[7]        ; 5.370 ; 5.370 ; 5.370 ; 5.370 ;
+------------+-------------+-------+-------+-------+-------+


-------------------
; Clock Transfers ;
-------------------
Nothing to report.


---------------
; Report TCCS ;
---------------
No dedicated SERDES Transmitter circuitry present in device or used in design


---------------
; Report RSKM ;
---------------
No dedicated SERDES Receiver circuitry present in device or used in design


+------------------------------------------------+
; Unconstrained Paths                            ;
+---------------------------------+-------+------+
; Property                        ; Setup ; Hold ;
+---------------------------------+-------+------+
; Illegal Clocks                  ; 0     ; 0    ;
; Unconstrained Clocks            ; 0     ; 0    ;
; Unconstrained Input Ports       ; 17    ; 17   ;
; Unconstrained Input Port Paths  ; 114   ; 114  ;
; Unconstrained Output Ports      ; 10    ; 10   ;
; Unconstrained Output Port Paths ; 114   ; 114  ;
+---------------------------------+-------+------+


+------------------------------------+
; TimeQuest Timing Analyzer Messages ;
+------------------------------------+
Info: *******************************************************************
Info: Running Quartus II TimeQuest Timing Analyzer
    Info: Version 9.1 Build 350 03/24/2010 Service Pack 2 SJ Web Edition
    Info: Processing started: Wed Apr 06 22:01:08 2011
Info: Command: quartus_sta ripple_8 -c ripple_8
Info: qsta_default_script.tcl version: #1
Info: Low junction temperature is 0 degrees C
Info: High junction temperature is 85 degrees C
Warning: Found USE_TIMEQUEST_TIMING_ANALYZER=OFF. The TimeQuest Timing Analyzer is not the default Timing Analysis Tool during full compilation.
Info: Reading SDC File: 'ripple_8.sdc'
Info: No user constrained base clocks found in the design. Calling "derive_clocks -period 1.0"
Info: The command derive_clocks did not find any clocks to derive.  No clocks were created or changed.
Warning: No clocks defined in design.
Info: No clocks to report
Info: Analyzing Slow Model
Info: No fmax paths to report
Info: No Setup paths to report
Info: No Hold paths to report
Info: No Recovery paths to report
Info: No Removal paths to report
Info: No Minimum Pulse Width paths to report
Info: The selected device family is not supported by the report_metastability command.
Info: Analyzing Fast Model
Info: Started post-fitting delay annotation
Warning: Found 10 output pins without output pin load capacitance assignment
    Info: Pin "s[0]" has no specified output pin load capacitance -- assuming default load capacitance of 0 pF for timing analysis
    Info: Pin "s[1]" has no specified output pin load capacitance -- assuming default load capacitance of 0 pF for timing analysis
    Info: Pin "s[2]" has no specified output pin load capacitance -- assuming default load capacitance of 0 pF for timing analysis
    Info: Pin "s[3]" has no specified output pin load capacitance -- assuming default load capacitance of 0 pF for timing analysis
    Info: Pin "s[4]" has no specified output pin load capacitance -- assuming default load capacitance of 0 pF for timing analysis
    Info: Pin "s[5]" has no specified output pin load capacitance -- assuming default load capacitance of 0 pF for timing analysis
    Info: Pin "s[6]" has no specified output pin load capacitance -- assuming default load capacitance of 0 pF for timing analysis
    Info: Pin "s[7]" has no specified output pin load capacitance -- assuming default load capacitance of 0 pF for timing analysis
    Info: Pin "C_out" has no specified output pin load capacitance -- assuming default load capacitance of 0 pF for timing analysis
    Info: Pin "OverFlow" has no specified output pin load capacitance -- assuming default load capacitance of 0 pF for timing analysis
Info: Delay annotation completed successfully
Info: No user constrained base clocks found in the design. Calling "derive_clocks -period 1.0"
Info: The command derive_clocks did not find any clocks to derive.  No clocks were created or changed.
Warning: No clocks defined in design.
Info: No Setup paths to report
Info: No Hold paths to report
Info: No Recovery paths to report
Info: No Removal paths to report
Info: No Minimum Pulse Width paths to report
Info: The selected device family is not supported by the report_metastability command.
Info: Design is not fully constrained for setup requirements
Info: Design is not fully constrained for hold requirements
Info: Quartus II TimeQuest Timing Analyzer was successful. 0 errors, 4 warnings
    Info: Peak virtual memory: 183 megabytes
    Info: Processing ended: Wed Apr 06 22:01:15 2011
    Info: Elapsed time: 00:00:07
    Info: Total CPU time (on all processors): 00:00:06


